
> aconnect-platform@0.1.0 build
> next build

Γû▓ Next.js 16.2.0-canary.23 (Turbopack)
- Environments: .env

  Creating an optimized production build ...
node.exe : 
At line:1 char:1
+ & "C:\Program Files\nodejs/node.exe" "C:\Program 
Files\nodejs/node_mo ...
+ ~~~~~~~~~~~~~~~~~~~~~~~~~~~~~~~~~~~~~~~~~~~~~~~~~~~~
~~~~~~~~~~~~~~~~~
    + CategoryInfo          : NotSpecified: (:St    
ring) [], RemoteException
    + FullyQualifiedErrorId : NativeCommandError
 
> Build error occurred
Error: Turbopack build failed with 4 errors:
./components/ResetPassword.tsx:1:10
Ecmascript file had an error
[0m[31m[1m>[22m[39m[90m 1 |[39m 
[36mimport[39m { useState } [36mfrom[39m 
[32m"react"[39m[33m;[39m
 [90m   |[39m          [31m[1m^[22m[39m[31m[1m
^[22m[39m[31m[1m^[22m[39m[31m[1m^[22m[39m[3
1m[1m^[22m[39m[31m[1m^[22m[39m[31m[1m^[22m[
39m[31m[1m^[22m[39m
 [90m 2 |[39m
 [90m 3 |[39m [36mexport[39m [36mdefault[39m 
[36mfunction[39m [33mResetPassword[39m() {
 [90m 4 |[39m   [36mconst[39m [email[33m,[39m 
setEmail] [33m=[39m 
useState([32m""[39m)[33m;[39m[0m

You're importing a component that needs `useState`. 
This React Hook only works in a Client Component. To 
fix, mark the file (or its parent) with the `"use 
client"` directive.

 Learn more: https://nextjs.org/docs/app/api-reference
/directives/use-client



Import trace:
  Server Component:
    ./components/ResetPassword.tsx
    ./app/reset-password/page.tsx


./components/UserSupport.tsx:1:10
Ecmascript file had an error
[0m[31m[1m>[22m[39m[90m 1 |[39m 
[36mimport[39m { useEffect[33m,[39m useState } 
[36mfrom[39m [32m"react"[39m[33m;[39m
 [90m   |[39m          [31m[1m^[22m[39m[31m[1m
^[22m[39m[31m[1m^[22m[39m[31m[1m^[22m[39m[3
1m[1m^[22m[39m[31m[1m^[22m[39m[31m[1m^[22m[
39m[31m[1m^[22m[39m[31m[1m^[22m[39m
 [90m 2 |[39m
 [90m 3 |[39m [36mexport[39m [36mdefault[39m 
[36mfunction[39m [33mUserSupport[39m() {
 [90m 4 |[39m   [36mconst[39m 
[messages[33m,[39m setMessages] [33m=[39m useState
[33m<[39m[33many[39m[][33m>[39m([])[33m;[39m[
0m

You're importing a component that needs `useEffect`. 
This React Hook only works in a Client Component. To 
fix, mark the file (or its parent) with the `"use 
client"` directive.

 Learn more: https://nextjs.org/docs/app/api-reference
/directives/use-client



Import trace:
  Server Component:
    ./components/UserSupport.tsx
    ./app/support/page.tsx


./components/UserSupport.tsx:1:21
Ecmascript file had an error
[0m[31m[1m>[22m[39m[90m 1 |[39m 
[36mimport[39m { useEffect[33m,[39m useState } 
[36mfrom[39m [32m"react"[39m[33m;[39m
 [90m   |[39m                     [31m[1m^[22m[3
9m[31m[1m^[22m[39m[31m[1m^[22m[39m[31m[1m^[
22m[39m[31m[1m^[22m[39m[31m[1m^[22m[39m[31m
[1m^[22m[39m[31m[1m^[22m[39m
 [90m 2 |[39m
 [90m 3 |[39m [36mexport[39m [36mdefault[39m 
[36mfunction[39m [33mUserSupport[39m() {
 [90m 4 |[39m   [36mconst[39m 
[messages[33m,[39m setMessages] [33m=[39m useState
[33m<[39m[33many[39m[][33m>[39m([])[33m;[39m[
0m

You're importing a component that needs `useState`. 
This React Hook only works in a Client Component. To 
fix, mark the file (or its parent) with the `"use 
client"` directive.

 Learn more: https://nextjs.org/docs/app/api-reference
/directives/use-client



Import trace:
  Server Component:
    ./components/UserSupport.tsx
    ./app/support/page.tsx


./node_modules/fflate/lib/node.cjs:22:13
Module not found: Can't resolve <dynamic>
[0m [90m 20 |[39m 
node_worker_1[[32m"default"[39m] [33m=[39m 
[33mWorker[39m [33m?[39m [36mfunction[39m 
(c[33m,[39m _[33m,[39m msg[33m,[39m 
transfer[33m,[39m cb) {
 [90m 21 |[39m     [36mvar[39m done [33m=[39m 
[36mfalse[39m[33m;[39m
[31m[1m>[22m[39m[90m 22 |[39m     [36mvar[39m 
w [33m=[39m [36mnew[39m [33mWorker[39m(c 
[33m+[39m workerAdd[33m,[39m { eval[33m:[39m 
[36mtrue[39m })
 [90m    |[39m             [31m[1m^[22m[39m[31m
[1m^[22m[39m[31m[1m^[22m[39m[31m[1m^[22m[39
m[31m[1m^[22m[39m[31m[1m^[22m[39m[31m[1m^[2
2m[39m[31m[1m^[22m[39m[31m[1m^[22m[39m[31m[
1m^[22m[39m[31m[1m^[22m[39m[31m[1m^[22m[39m
[31m[1m^[22m[39m[31m[1m^[22m[39m[31m[1m^[22m
[39m[31m[1m^[22m[39m[31m[1m^[22m[39m[31m[1m
^[22m[39m[31m[1m^[22m[39m[31m[1m^[22m[39m[3
1m[1m^[22m[39m[31m[1m^[22m[39m[31m[1m^[22m[
39m[31m[1m^[22m[39m[31m[1m^[22m[39m[31m[1m^
[22m[39m[31m[1m^[22m[39m[31m[1m^[22m[39m[31m
[1m^[22m[39m[31m[1m^[22m[39m[31m[1m^[22m[39
m[31m[1m^[22m[39m[31m[1m^[22m[39m[31m[1m^[2
2m[39m[31m[1m^[22m[39m[31m[1m^[22m[39m[31m[
1m^[22m[39m[31m[1m^[22m[39m[31m[1m^[22m[39m
[31m[1m^[22m[39m[31m[1m^[22m[39m
 [90m 23 |[39m         
[33m.[39mon([32m'error'[39m[33m,[39m 
[36mfunction[39m (e) { [36mreturn[39m 
cb(e[33m,[39m [36mnull[39m)[33m;[39m })
 [90m 24 |[39m         
[33m.[39mon([32m'message'[39m[33m,[39m 
[36mfunction[39m (m) { [36mreturn[39m 
cb([36mnull[39m[33m,[39m m)[33m;[39m })
 [90m 25 |[39m         
[33m.[39mon([32m'exit'[39m[33m,[39m 
[36mfunction[39m (c) {[0m



Import trace:
  Client Component SSR:
    ./node_modules/fflate/lib/node.cjs [Client 
Component SSR]
    ./node_modules/jspdf/dist/jspdf.node.min.js 
[Client Component SSR]
    ./components/AdminReports.tsx [Client Component 
SSR]
    ./components/AdminReports.tsx [Server Component]
    ./app/admin/(admin_panel)/analytics/page.tsx 
[Server Component]

https://nextjs.org/docs/messages/module-not-found


    at <unknown> (./components/ResetPassword.tsx:1:10)
    at <unknown> (./components/UserSupport.tsx:1:10)
    at <unknown> (./components/UserSupport.tsx:1:21)
    at <unknown> 
(https://nextjs.org/docs/messages/module-not-found)
